07:19:18 **** Incremental Build of configuration Debug for project stm32 ****
make -j9 all 
arm-none-eabi-gcc "../Core/Src/main.c" -mcpu=cortex-m4 -std=gnu11 -g3 -DDEBUG -DUSE_HAL_DRIVER -DSTM32F401xE -c -I../Core/Inc -I../Drivers/STM32F4xx_HAL_Driver/Inc -I../Drivers/STM32F4xx_HAL_Driver/Inc/Legacy -I../Drivers/CMSIS/Device/ST/STM32F4xx/Include -I../Drivers/CMSIS/Include -O0 -ffunction-sections -fdata-sections -Wall -fstack-usage -fcyclomatic-complexity -MMD -MP -MF"Core/Src/main.d" -MT"Core/Src/main.o" --specs=nano.specs -mfpu=fpv4-sp-d16 -mfloat-abi=hard -mthumb -o "Core/Src/main.o"
arm-none-eabi-gcc -o "stm32.elf" @"objects.list"   -mcpu=cortex-m4 -T"/Users/alialh/STM32CubeIDE/workspace_1.13.2/ECE198/STM32F401RETX_FLASH.ld" --specs=nosys.specs -Wl,-Map="stm32.map" -Wl,--gc-sections -static --specs=nano.specs -mfpu=fpv4-sp-d16 -mfloat-abi=hard -mthumb -Wl,--start-group -lc -lm -Wl,--end-group
Finished building target: stm32.elf
 
arm-none-eabi-size   stm32.elf 
arm-none-eabi-objdump -h -S  stm32.elf  > "stm32.list"
   text	   data	    bss	    dec	    hex	filename
  11848	  81600	   1984	  95432	  174c8	stm32.elf
Finished building: default.size.stdout
 
Finished building: stm32.list
 
07:19:23 **** Incremental Build of configuration Debug for project stm32 ****
make -j9 all 
arm-none-eabi-size   stm32.elf 
   text	   data	    bss	    dec	    hex	filename
  11848	  81600	   1984	  95432	  174c8	stm32.elf
Finished building: default.size.stdout
 
